mvn : WARNING: A terminally deprecated method 
in sun.misc.Unsafe has been called
At line:1 char:1
+ mvn clean compile > build_output.txt 2>&1
+ ~~~~~~~~~~~~~~~~~~~~~~~~~~~~~~~~~~~~~~~~~
    + CategoryInfo          : NotSpecified: (W 
   ARNING: A term...has been called:String) [  
  ], RemoteException
    + FullyQualifiedErrorId : NativeCommandErr 
   or
 
WARNING: sun.misc.Unsafe::staticFieldBase has 
been called by com.google.inject.internal.aop.H
iddenClassDefiner (file:/C:/Program%20Files/apa
che-maven-3.9.11/lib/guice-5.1.0-classes.jar)
WARNING: Please consider reporting this to the 
maintainers of class com.google.inject.internal
.aop.HiddenClassDefiner
WARNING: sun.misc.Unsafe::staticFieldBase will 
be removed in a future release
[INFO] Scanning for projects...
[INFO] 
[INFO] ---------------------< com.urlshortener:shortify >----------------------
[INFO] Building shortify 0.0.1-SNAPSHOT
[INFO]   from pom.xml
[INFO] --------------------------------[ jar ]---------------------------------
[INFO] 
[INFO] --- clean:3.3.2:clean (default-clean) @ shortify ---
[INFO] Deleting C:\Users\Hari\Desktop\url shortener\backend\target
[INFO] 
[INFO] --- resources:3.3.1:resources (default-resources) @ shortify ---
[INFO] Copying 1 resource from src\main\resources to target\classes
[INFO] Copying 0 resource from src\main\resources to target\classes
[INFO] 
[INFO] --- compiler:3.11.0:compile (default-compile) @ shortify ---
[INFO] Changes detected - recompiling the module! :source
[INFO] Compiling 22 source files with javac [debug release 17] to target\classes
[INFO] -------------------------------------------------------------
[ERROR] COMPILATION ERROR : 
[INFO] -------------------------------------------------------------
[ERROR] /C:/Users/Hari/Desktop/url shortener/backend/src/main/java/com/urlshortener/shortify/controller/RedirectController.java:[26,34] cannot find symbol
  symbol:   method getClickCount()
  location: variable url of type com.urlshortener.shortify.entity.Url
[ERROR] /C:/Users/Hari/Desktop/url shortener/backend/src/main/java/com/urlshortener/shortify/controller/RedirectController.java:[30,47] cannot find symbol
  symbol:   method getOriginalUrl()
  location: variable url of type com.urlshortener.shortify.entity.Url
[ERROR] /C:/Users/Hari/Desktop/url shortener/backend/src/main/java/com/urlshortener/shortify/config/AdminDataLoader.java:[22,18] cannot find symbol
  symbol:   method setName(java.lang.String)
  location: variable admin of type com.urlshortener.shortify.entity.User
[ERROR] /C:/Users/Hari/Desktop/url shortener/backend/src/main/java/com/urlshortener/shortify/config/AdminDataLoader.java:[23,18] cannot find symbol
  symbol:   method setEmail(java.lang.String)
  location: variable admin of type com.urlshortener.shortify.entity.User
[ERROR] /C:/Users/Hari/Desktop/url shortener/backend/src/main/java/com/urlshortener/shortify/config/AdminDataLoader.java:[24,18] cannot find symbol
  symbol:   method setPassword(java.lang.String)
  location: variable admin of type com.urlshortener.shortify.entity.User
[ERROR] /C:/Users/Hari/Desktop/url shortener/backend/src/main/java/com/urlshortener/shortify/config/AdminDataLoader.java:[25,18] cannot find symbol
  symbol:   method setRole(java.lang.String)
  location: variable admin of type com.urlshortener.shortify.entity.User
[ERROR] /C:/Users/Hari/Desktop/url shortener/backend/src/main/java/com/urlshortener/shortify/controller/UrlController.java:[47,56] cannot find symbol
  symbol:   method getId()
  location: variable userDetails of type com.urlshortener.shortify.security.services.UserDetailsImpl
[ERROR] /C:/Users/Hari/Desktop/url shortener/backend/src/main/java/com/urlshortener/shortify/controller/UrlController.java:[56,38] cannot find symbol
  symbol:   method getUrl()
  location: variable urlRequest of type com.urlshortener.shortify.dto.UrlRequest
[ERROR] /C:/Users/Hari/Desktop/url shortener/backend/src/main/java/com/urlshortener/shortify/controller/UrlController.java:[57,12] cannot find symbol
  symbol:   method setShortCode(java.lang.String)
  location: variable url of type com.urlshortener.shortify.entity.Url
[ERROR] /C:/Users/Hari/Desktop/url shortener/backend/src/main/java/com/urlshortener/shortify/controller/UrlController.java:[58,12] cannot find symbol
  symbol:   method setUser(com.urlshortener.shortify.entity.User)
  location: variable url of type com.urlshortener.shortify.entity.Url
[ERROR] /C:/Users/Hari/Desktop/url shortener/backend/src/main/java/com/urlshortener/shortify/controller/UrlController.java:[59,12] cannot find symbol
  symbol:   method setClickCount(long)
  location: variable url of type com.urlshortener.shortify.entity.Url
[ERROR] /C:/Users/Hari/Desktop/url shortener/backend/src/main/java/com/urlshortener/shortify/controller/UrlController.java:[69,21] cannot find symbol
  symbol:   method getName()
  location: variable user of type com.urlshortener.shortify.entity.User
[ERROR] /C:/Users/Hari/Desktop/url shortener/backend/src/main/java/com/urlshortener/shortify/controller/UrlController.java:[68,20] cannot find symbol
  symbol:   method getCreatedAt()
  location: variable url of type com.urlshortener.shortify.entity.Url
[ERROR] /C:/Users/Hari/Desktop/url shortener/backend/src/main/java/com/urlshortener/shortify/controller/UrlController.java:[67,20] cannot find symbol
  symbol:   method getClickCount()
  location: variable url of type com.urlshortener.shortify.entity.Url
[ERROR] /C:/Users/Hari/Desktop/url shortener/backend/src/main/java/com/urlshortener/shortify/controller/UrlController.java:[66,20] cannot find symbol
  symbol:   method getShortCode()
  location: variable url of type com.urlshortener.shortify.entity.Url
[ERROR] /C:/Users/Hari/Desktop/url shortener/backend/src/main/java/com/urlshortener/shortify/controller/UrlController.java:[65,20] cannot find symbol
  symbol:   method getOriginalUrl()
  location: variable url of type com.urlshortener.shortify.entity.Url
[ERROR] /C:/Users/Hari/Desktop/url shortener/backend/src/main/java/com/urlshortener/shortify/controller/UrlController.java:[64,20] cannot find symbol
  symbol:   method getId()
  location: variable url of type com.urlshortener.shortify.entity.Url
[ERROR] /C:/Users/Hari/Desktop/url shortener/backend/src/main/java/com/urlshortener/shortify/controller/UrlController.java:[76,56] cannot find symbol
  symbol:   method getId()
  location: variable userDetails of type com.urlshortener.shortify.security.services.UserDetailsImpl
[ERROR] /C:/Users/Hari/Desktop/url shortener/backend/src/main/java/com/urlshortener/shortify/controller/UrlController.java:[86,21] cannot find symbol
  symbol:   method getName()
  location: variable user of type com.urlshortener.shortify.entity.User
[ERROR] /C:/Users/Hari/Desktop/url shortener/backend/src/main/java/com/urlshortener/shortify/controller/UrlController.java:[85,20] cannot find symbol
  symbol:   method getCreatedAt()
  location: variable url of type com.urlshortener.shortify.entity.Url
[ERROR] /C:/Users/Hari/Desktop/url shortener/backend/src/main/java/com/urlshortener/shortify/controller/UrlController.java:[84,20] cannot find symbol
  symbol:   method getClickCount()
  location: variable url of type com.urlshortener.shortify.entity.Url
[ERROR] /C:/Users/Hari/Desktop/url shortener/backend/src/main/java/com/urlshortener/shortify/controller/UrlController.java:[83,20] cannot find symbol
  symbol:   method getShortCode()
  location: variable url of type com.urlshortener.shortify.entity.Url
[ERROR] /C:/Users/Hari/Desktop/url shortener/backend/src/main/java/com/urlshortener/shortify/controller/UrlController.java:[82,20] cannot find symbol
  symbol:   method getOriginalUrl()
  location: variable url of type com.urlshortener.shortify.entity.Url
[ERROR] /C:/Users/Hari/Desktop/url shortener/backend/src/main/java/com/urlshortener/shortify/controller/UrlController.java:[81,20] cannot find symbol
  symbol:   method getId()
  location: variable url of type com.urlshortener.shortify.entity.Url
[ERROR] /C:/Users/Hari/Desktop/url shortener/backend/src/main/java/com/urlshortener/shortify/controller/UrlController.java:[86,41] incompatible types: inference variable T has incompatible bounds
    equality constraints: com.urlshortener.shortify.dto.UrlResponse
    lower bounds: java.lang.Object
[ERROR] /C:/Users/Hari/Desktop/url shortener/backend/src/main/java/com/urlshortener/shortify/controller/UrlController.java:[99,17] cannot find symbol
  symbol:   method getUser()
  location: variable url of type com.urlshortener.shortify.entity.Url
[ERROR] /C:/Users/Hari/Desktop/url shortener/backend/src/main/java/com/urlshortener/shortify/controller/UrlController.java:[99,54] cannot find symbol
  symbol:   method getId()
  location: variable userDetails of type com.urlshortener.shortify.security.services.UserDetailsImpl
[ERROR] /C:/Users/Hari/Desktop/url shortener/backend/src/main/java/com/urlshortener/shortify/controller/UrlController.java:[101,52] constructor MessageResponse in class com.urlshortener.shortify.dto.MessageResponse cannot be applied to given types;
  required: no arguments
  found:    java.lang.String
  reason: actual and formal argument lists differ in length
[ERROR] /C:/Users/Hari/Desktop/url shortener/backend/src/main/java/com/urlshortener/shortify/controller/UrlController.java:[105,34] constructor MessageResponse in class com.urlshortener.shortify.dto.MessageResponse cannot be applied to given types;
  required: no arguments
  found:    java.lang.String
  reason: actual and formal argument lists differ in length
[ERROR] /C:/Users/Hari/Desktop/url shortener/backend/src/main/java/com/urlshortener/shortify/security/services/UserDetailsImpl.java:[31,103] cannot find symbol
  symbol:   method getRole()
  location: variable user of type com.urlshortener.shortify.entity.User
[ERROR] /C:/Users/Hari/Desktop/url shortener/backend/src/main/java/com/urlshortener/shortify/security/services/UserDetailsImpl.java:[37,21] cannot find symbol
  symbol:   method getPassword()
  location: variable user of type com.urlshortener.shortify.entity.User
[ERROR] /C:/Users/Hari/Desktop/url shortener/backend/src/main/java/com/urlshortener/shortify/security/services/UserDetailsImpl.java:[36,21] cannot find symbol
  symbol:   method getEmail()
  location: variable user of type com.urlshortener.shortify.entity.User
[ERROR] /C:/Users/Hari/Desktop/url shortener/backend/src/main/java/com/urlshortener/shortify/security/services/UserDetailsImpl.java:[35,21] cannot find symbol
  symbol:   method getName()
  location: variable user of type com.urlshortener.shortify.entity.User
[ERROR] /C:/Users/Hari/Desktop/url shortener/backend/src/main/java/com/urlshortener/shortify/security/services/UserDetailsImpl.java:[34,21] cannot find symbol
  symbol:   method getId()
  location: variable user of type com.urlshortener.shortify.entity.User
[ERROR] /C:/Users/Hari/Desktop/url shortener/backend/src/main/java/com/urlshortener/shortify/controller/AdminController.java:[44,20] cannot find symbol
  symbol:   method getUser()
  location: variable url of type com.urlshortener.shortify.entity.Url
[ERROR] /C:/Users/Hari/Desktop/url shortener/backend/src/main/java/com/urlshortener/shortify/controller/AdminController.java:[44,44] cannot find symbol
  symbol:   method getUser()
  location: variable url of type com.urlshortener.shortify.entity.Url
[ERROR] /C:/Users/Hari/Desktop/url shortener/backend/src/main/java/com/urlshortener/shortify/controller/AdminController.java:[43,20] cannot find symbol
  symbol:   method getCreatedAt()
  location: variable url of type com.urlshortener.shortify.entity.Url
[ERROR] /C:/Users/Hari/Desktop/url shortener/backend/src/main/java/com/urlshortener/shortify/controller/AdminController.java:[42,20] cannot find symbol
  symbol:   method getClickCount()
  location: variable url of type com.urlshortener.shortify.entity.Url
[ERROR] /C:/Users/Hari/Desktop/url shortener/backend/src/main/java/com/urlshortener/shortify/controller/AdminController.java:[41,20] cannot find symbol
  symbol:   method getShortCode()
  location: variable url of type com.urlshortener.shortify.entity.Url
[ERROR] /C:/Users/Hari/Desktop/url shortener/backend/src/main/java/com/urlshortener/shortify/controller/AdminController.java:[40,20] cannot find symbol
  symbol:   method getOriginalUrl()
  location: variable url of type com.urlshortener.shortify.entity.Url
[ERROR] /C:/Users/Hari/Desktop/url shortener/backend/src/main/java/com/urlshortener/shortify/controller/AdminController.java:[39,20] cannot find symbol
  symbol:   method getId()
  location: variable url of type com.urlshortener.shortify.entity.Url
[ERROR] /C:/Users/Hari/Desktop/url shortener/backend/src/main/java/com/urlshortener/shortify/controller/AdminController.java:[47,19] incompatible types: inference variable T has incompatible bounds
    equality constraints: com.urlshortener.shortify.dto.UrlResponse
    lower bounds: java.lang.Object
[ERROR] /C:/Users/Hari/Desktop/url shortener/backend/src/main/java/com/urlshortener/shortify/controller/AdminController.java:[56,77] invalid method reference
  cannot find symbol
    symbol:   method getClickCount(T)
    location: class com.urlshortener.shortify.entity.Url
[ERROR] /C:/Users/Hari/Desktop/url shortener/backend/src/main/java/com/urlshortener/shortify/controller/AdminController.java:[63,53] constructor MessageResponse in class com.urlshortener.shortify.dto.MessageResponse cannot be applied to given types;
  required: no arguments
  found:    java.lang.String
  reason: actual and formal argument lists differ in length
[ERROR] /C:/Users/Hari/Desktop/url shortener/backend/src/main/java/com/urlshortener/shortify/controller/AdminController.java:[66,34] constructor MessageResponse in class com.urlshortener.shortify.dto.MessageResponse cannot be applied to given types;
  required: no arguments
  found:    java.lang.String
  reason: actual and formal argument lists differ in length
[ERROR] /C:/Users/Hari/Desktop/url shortener/backend/src/main/java/com/urlshortener/shortify/controller/AuthController.java:[44,69] cannot find symbol
  symbol:   method getEmail()
  location: variable loginRequest of type com.urlshortener.shortify.dto.LoginRequest
[ERROR] /C:/Users/Hari/Desktop/url shortener/backend/src/main/java/com/urlshortener/shortify/controller/AuthController.java:[44,94] cannot find symbol
  symbol:   method getPassword()
  location: variable loginRequest of type com.urlshortener.shortify.dto.LoginRequest
[ERROR] /C:/Users/Hari/Desktop/url shortener/backend/src/main/java/com/urlshortener/shortify/controller/AuthController.java:[55,28] cannot find symbol
  symbol:   method getId()
  location: variable userDetails of type com.urlshortener.shortify.security.services.UserDetailsImpl
[ERROR] /C:/Users/Hari/Desktop/url shortener/backend/src/main/java/com/urlshortener/shortify/controller/AuthController.java:[56,28] cannot find symbol
  symbol:   method getName()
  location: variable userDetails of type com.urlshortener.shortify.security.services.UserDetailsImpl
[ERROR] /C:/Users/Hari/Desktop/url shortener/backend/src/main/java/com/urlshortener/shortify/controller/AuthController.java:[57,28] cannot find symbol
  symbol:   method getEmail()
  location: variable userDetails of type com.urlshortener.shortify.security.services.UserDetailsImpl
[ERROR] /C:/Users/Hari/Desktop/url shortener/backend/src/main/java/com/urlshortener/shortify/controller/AuthController.java:[63,55] cannot find symbol
  symbol:   method getEmail()
  location: variable signUpRequest of type com.urlshortener.shortify.dto.SignupRequest
[ERROR] /C:/Users/Hari/Desktop/url shortener/backend/src/main/java/com/urlshortener/shortify/controller/AuthController.java:[66,27] constructor MessageResponse in class com.urlshortener.shortify.dto.MessageResponse cannot be applied to given types;
  required: no arguments
  found:    java.lang.String
  reason: actual and formal argument lists differ in length
[ERROR] /C:/Users/Hari/Desktop/url shortener/backend/src/main/java/com/urlshortener/shortify/controller/AuthController.java:[71,35] cannot find symbol
  symbol:   method getName()
  location: variable signUpRequest of type com.urlshortener.shortify.dto.SignupRequest
[ERROR] /C:/Users/Hari/Desktop/url shortener/backend/src/main/java/com/urlshortener/shortify/controller/AuthController.java:[72,36] cannot find symbol
  symbol:   method getEmail()
  location: variable signUpRequest of type com.urlshortener.shortify.dto.SignupRequest
[ERROR] /C:/Users/Hari/Desktop/url shortener/backend/src/main/java/com/urlshortener/shortify/controller/AuthController.java:[73,54] cannot find symbol
  symbol:   method getPassword()
  location: variable signUpRequest of type com.urlshortener.shortify.dto.SignupRequest
[ERROR] /C:/Users/Hari/Desktop/url shortener/backend/src/main/java/com/urlshortener/shortify/controller/AuthController.java:[76,39] cannot find symbol
  symbol:   method getRole()
  location: variable signUpRequest of type com.urlshortener.shortify.dto.SignupRequest
[ERROR] /C:/Users/Hari/Desktop/url shortener/backend/src/main/java/com/urlshortener/shortify/controller/AuthController.java:[78,17] cannot find symbol
  symbol:   method setRole(java.lang.String)
  location: variable user of type com.urlshortener.shortify.entity.User
[ERROR] /C:/Users/Hari/Desktop/url shortener/backend/src/main/java/com/urlshortener/shortify/controller/AuthController.java:[80,17] cannot find symbol
  symbol:   method setRole(strRole.to[...]ase())
  location: variable user of type com.urlshortener.shortify.entity.User
[ERROR] /C:/Users/Hari/Desktop/url shortener/backend/src/main/java/com/urlshortener/shortify/controller/AuthController.java:[86,34] constructor MessageResponse in class com.urlshortener.shortify.dto.MessageResponse cannot be applied to given types;
  required: no arguments
  found:    java.lang.String
  reason: actual and formal argument lists differ in length
[INFO] 59 errors 
[INFO] -------------------------------------------------------------
[INFO] ------------------------------------------------------------------------
[INFO] BUILD FAILURE
[INFO] ------------------------------------------------------------------------
[INFO] Total time:  5.814 s
[INFO] Finished at: 2026-03-27T21:25:47+05:30
[INFO] ------------------------------------------------------------------------
[ERROR] Failed to execute goal org.apache.maven.plugins:maven-compiler-plugin:3.11.0:compile (default-compile) on project shortify: Compilation failure: Compilation failure: 
[ERROR] /C:/Users/Hari/Desktop/url shortener/backend/src/main/java/com/urlshortener/shortify/controller/RedirectController.java:[26,34] cannot find symbol
[ERROR]   symbol:   method getClickCount()
[ERROR]   location: variable url of type com.urlshortener.shortify.entity.Url
[ERROR] /C:/Users/Hari/Desktop/url shortener/backend/src/main/java/com/urlshortener/shortify/controller/RedirectController.java:[30,47] cannot find symbol
[ERROR]   symbol:   method getOriginalUrl()
[ERROR]   location: variable url of type com.urlshortener.shortify.entity.Url
[ERROR] /C:/Users/Hari/Desktop/url shortener/backend/src/main/java/com/urlshortener/shortify/config/AdminDataLoader.java:[22,18] cannot find symbol
[ERROR]   symbol:   method setName(java.lang.String)
[ERROR]   location: variable admin of type com.urlshortener.shortify.entity.User
[ERROR] /C:/Users/Hari/Desktop/url shortener/backend/src/main/java/com/urlshortener/shortify/config/AdminDataLoader.java:[23,18] cannot find symbol
[ERROR]   symbol:   method setEmail(java.lang.String)
[ERROR]   location: variable admin of type com.urlshortener.shortify.entity.User
[ERROR] /C:/Users/Hari/Desktop/url shortener/backend/src/main/java/com/urlshortener/shortify/config/AdminDataLoader.java:[24,18] cannot find symbol
[ERROR]   symbol:   method setPassword(java.lang.String)
[ERROR]   location: variable admin of type com.urlshortener.shortify.entity.User
[ERROR] /C:/Users/Hari/Desktop/url shortener/backend/src/main/java/com/urlshortener/shortify/config/AdminDataLoader.java:[25,18] cannot find symbol
[ERROR]   symbol:   method setRole(java.lang.String)
[ERROR]   location: variable admin of type com.urlshortener.shortify.entity.User
[ERROR] /C:/Users/Hari/Desktop/url shortener/backend/src/main/java/com/urlshortener/shortify/controller/UrlController.java:[47,56] cannot find symbol
[ERROR]   symbol:   method getId()
[ERROR]   location: variable userDetails of type com.urlshortener.shortify.security.services.UserDetailsImpl
[ERROR] /C:/Users/Hari/Desktop/url shortener/backend/src/main/java/com/urlshortener/shortify/controller/UrlController.java:[56,38] cannot find symbol
[ERROR]   symbol:   method getUrl()
[ERROR]   location: variable urlRequest of type com.urlshortener.shortify.dto.UrlRequest
[ERROR] /C:/Users/Hari/Desktop/url shortener/backend/src/main/java/com/urlshortener/shortify/controller/UrlController.java:[57,12] cannot find symbol
[ERROR]   symbol:   method setShortCode(java.lang.String)
[ERROR]   location: variable url of type com.urlshortener.shortify.entity.Url
[ERROR] /C:/Users/Hari/Desktop/url shortener/backend/src/main/java/com/urlshortener/shortify/controller/UrlController.java:[58,12] cannot find symbol
[ERROR]   symbol:   method setUser(com.urlshortener.shortify.entity.User)
[ERROR]   location: variable url of type com.urlshortener.shortify.entity.Url
[ERROR] /C:/Users/Hari/Desktop/url shortener/backend/src/main/java/com/urlshortener/shortify/controller/UrlController.java:[59,12] cannot find symbol
[ERROR]   symbol:   method setClickCount(long)
[ERROR]   location: variable url of type com.urlshortener.shortify.entity.Url
[ERROR] /C:/Users/Hari/Desktop/url shortener/backend/src/main/java/com/urlshortener/shortify/controller/UrlController.java:[69,21] cannot find symbol
[ERROR]   symbol:   method getName()
[ERROR]   location: variable user of type com.urlshortener.shortify.entity.User
[ERROR] /C:/Users/Hari/Desktop/url shortener/backend/src/main/java/com/urlshortener/shortify/controller/UrlController.java:[68,20] cannot find symbol
[ERROR]   symbol:   method getCreatedAt()
[ERROR]   location: variable url of type com.urlshortener.shortify.entity.Url
[ERROR] /C:/Users/Hari/Desktop/url shortener/backend/src/main/java/com/urlshortener/shortify/controller/UrlController.java:[67,20] cannot find symbol
[ERROR]   symbol:   method getClickCount()
[ERROR]   location: variable url of type com.urlshortener.shortify.entity.Url
[ERROR] /C:/Users/Hari/Desktop/url shortener/backend/src/main/java/com/urlshortener/shortify/controller/UrlController.java:[66,20] cannot find symbol
[ERROR]   symbol:   method getShortCode()
[ERROR]   location: variable url of type com.urlshortener.shortify.entity.Url
[ERROR] /C:/Users/Hari/Desktop/url shortener/backend/src/main/java/com/urlshortener/shortify/controller/UrlController.java:[65,20] cannot find symbol
[ERROR]   symbol:   method getOriginalUrl()
[ERROR]   location: variable url of type com.urlshortener.shortify.entity.Url
[ERROR] /C:/Users/Hari/Desktop/url shortener/backend/src/main/java/com/urlshortener/shortify/controller/UrlController.java:[64,20] cannot find symbol
[ERROR]   symbol:   method getId()
[ERROR]   location: variable url of type com.urlshortener.shortify.entity.Url
[ERROR] /C:/Users/Hari/Desktop/url shortener/backend/src/main/java/com/urlshortener/shortify/controller/UrlController.java:[76,56] cannot find symbol
[ERROR]   symbol:   method getId()
[ERROR]   location: variable userDetails of type com.urlshortener.shortify.security.services.UserDetailsImpl
[ERROR] /C:/Users/Hari/Desktop/url shortener/backend/src/main/java/com/urlshortener/shortify/controller/UrlController.java:[86,21] cannot find symbol
[ERROR]   symbol:   method getName()
[ERROR]   location: variable user of type com.urlshortener.shortify.entity.User
[ERROR] /C:/Users/Hari/Desktop/url shortener/backend/src/main/java/com/urlshortener/shortify/controller/UrlController.java:[85,20] cannot find symbol
[ERROR]   symbol:   method getCreatedAt()
[ERROR]   location: variable url of type com.urlshortener.shortify.entity.Url
[ERROR] /C:/Users/Hari/Desktop/url shortener/backend/src/main/java/com/urlshortener/shortify/controller/UrlController.java:[84,20] cannot find symbol
[ERROR]   symbol:   method getClickCount()
[ERROR]   location: variable url of type com.urlshortener.shortify.entity.Url
[ERROR] /C:/Users/Hari/Desktop/url shortener/backend/src/main/java/com/urlshortener/shortify/controller/UrlController.java:[83,20] cannot find symbol
[ERROR]   symbol:   method getShortCode()
[ERROR]   location: variable url of type com.urlshortener.shortify.entity.Url
[ERROR] /C:/Users/Hari/Desktop/url shortener/backend/src/main/java/com/urlshortener/shortify/controller/UrlController.java:[82,20] cannot find symbol
[ERROR]   symbol:   method getOriginalUrl()
[ERROR]   location: variable url of type com.urlshortener.shortify.entity.Url
[ERROR] /C:/Users/Hari/Desktop/url shortener/backend/src/main/java/com/urlshortener/shortify/controller/UrlController.java:[81,20] cannot find symbol
[ERROR]   symbol:   method getId()
[ERROR]   location: variable url of type com.urlshortener.shortify.entity.Url
[ERROR] /C:/Users/Hari/Desktop/url shortener/backend/src/main/java/com/urlshortener/shortify/controller/UrlController.java:[86,41] incompatible types: inference variable T has incompatible bounds
[ERROR]     equality constraints: com.urlshortener.shortify.dto.UrlResponse
[ERROR]     lower bounds: java.lang.Object
[ERROR] /C:/Users/Hari/Desktop/url shortener/backend/src/main/java/com/urlshortener/shortify/controller/UrlController.java:[99,17] cannot find symbol
[ERROR]   symbol:   method getUser()
[ERROR]   location: variable url of type com.urlshortener.shortify.entity.Url
[ERROR] /C:/Users/Hari/Desktop/url shortener/backend/src/main/java/com/urlshortener/shortify/controller/UrlController.java:[99,54] cannot find symbol
[ERROR]   symbol:   method getId()
[ERROR]   location: variable userDetails of type com.urlshortener.shortify.security.services.UserDetailsImpl
[ERROR] /C:/Users/Hari/Desktop/url shortener/backend/src/main/java/com/urlshortener/shortify/controller/UrlController.java:[101,52] constructor MessageResponse in class com.urlshortener.shortify.dto.MessageResponse cannot be applied to given types;
[ERROR]   required: no arguments
[ERROR]   found:    java.lang.String
[ERROR]   reason: actual and formal argument lists differ in length
[ERROR] /C:/Users/Hari/Desktop/url shortener/backend/src/main/java/com/urlshortener/shortify/controller/UrlController.java:[105,34] constructor MessageResponse in class com.urlshortener.shortify.dto.MessageResponse cannot be applied to given types;
[ERROR]   required: no arguments
[ERROR]   found:    java.lang.String
[ERROR]   reason: actual and formal argument lists differ in length
[ERROR] /C:/Users/Hari/Desktop/url shortener/backend/src/main/java/com/urlshortener/shortify/security/services/UserDetailsImpl.java:[31,103] cannot find symbol
[ERROR]   symbol:   method getRole()
[ERROR]   location: variable user of type com.urlshortener.shortify.entity.User
[ERROR] /C:/Users/Hari/Desktop/url shortener/backend/src/main/java/com/urlshortener/shortify/security/services/UserDetailsImpl.java:[37,21] cannot find symbol
[ERROR]   symbol:   method getPassword()
[ERROR]   location: variable user of type com.urlshortener.shortify.entity.User
[ERROR] /C:/Users/Hari/Desktop/url shortener/backend/src/main/java/com/urlshortener/shortify/security/services/UserDetailsImpl.java:[36,21] cannot find symbol
[ERROR]   symbol:   method getEmail()
[ERROR]   location: variable user of type com.urlshortener.shortify.entity.User
[ERROR] /C:/Users/Hari/Desktop/url shortener/backend/src/main/java/com/urlshortener/shortify/security/services/UserDetailsImpl.java:[35,21] cannot find symbol
[ERROR]   symbol:   method getName()
[ERROR]   location: variable user of type com.urlshortener.shortify.entity.User
[ERROR] /C:/Users/Hari/Desktop/url shortener/backend/src/main/java/com/urlshortener/shortify/security/services/UserDetailsImpl.java:[34,21] cannot find symbol
[ERROR]   symbol:   method getId()
[ERROR]   location: variable user of type com.urlshortener.shortify.entity.User
[ERROR] /C:/Users/Hari/Desktop/url shortener/backend/src/main/java/com/urlshortener/shortify/controller/AdminController.java:[44,20] cannot find symbol
[ERROR]   symbol:   method getUser()
[ERROR]   location: variable url of type com.urlshortener.shortify.entity.Url
[ERROR] /C:/Users/Hari/Desktop/url shortener/backend/src/main/java/com/urlshortener/shortify/controller/AdminController.java:[44,44] cannot find symbol
[ERROR]   symbol:   method getUser()
[ERROR]   location: variable url of type com.urlshortener.shortify.entity.Url
[ERROR] /C:/Users/Hari/Desktop/url shortener/backend/src/main/java/com/urlshortener/shortify/controller/AdminController.java:[43,20] cannot find symbol
[ERROR]   symbol:   method getCreatedAt()
[ERROR]   location: variable url of type com.urlshortener.shortify.entity.Url
[ERROR] /C:/Users/Hari/Desktop/url shortener/backend/src/main/java/com/urlshortener/shortify/controller/AdminController.java:[42,20] cannot find symbol
[ERROR]   symbol:   method getClickCount()
[ERROR]   location: variable url of type com.urlshortener.shortify.entity.Url
[ERROR] /C:/Users/Hari/Desktop/url shortener/backend/src/main/java/com/urlshortener/shortify/controller/AdminController.java:[41,20] cannot find symbol
[ERROR]   symbol:   method getShortCode()
[ERROR]   location: variable url of type com.urlshortener.shortify.entity.Url
[ERROR] /C:/Users/Hari/Desktop/url shortener/backend/src/main/java/com/urlshortener/shortify/controller/AdminController.java:[40,20] cannot find symbol
[ERROR]   symbol:   method getOriginalUrl()
[ERROR]   location: variable url of type com.urlshortener.shortify.entity.Url
[ERROR] /C:/Users/Hari/Desktop/url shortener/backend/src/main/java/com/urlshortener/shortify/controller/AdminController.java:[39,20] cannot find symbol
[ERROR]   symbol:   method getId()
[ERROR]   location: variable url of type com.urlshortener.shortify.entity.Url
[ERROR] /C:/Users/Hari/Desktop/url shortener/backend/src/main/java/com/urlshortener/shortify/controller/AdminController.java:[47,19] incompatible types: inference variable T has incompatible bounds
[ERROR]     equality constraints: com.urlshortener.shortify.dto.UrlResponse
[ERROR]     lower bounds: java.lang.Object
[ERROR] /C:/Users/Hari/Desktop/url shortener/backend/src/main/java/com/urlshortener/shortify/controller/AdminController.java:[56,77] invalid method reference
[ERROR]   cannot find symbol
[ERROR]     symbol:   method getClickCount(T)
[ERROR]     location: class com.urlshortener.shortify.entity.Url
[ERROR] /C:/Users/Hari/Desktop/url shortener/backend/src/main/java/com/urlshortener/shortify/controller/AdminController.java:[63,53] constructor MessageResponse in class com.urlshortener.shortify.dto.MessageResponse cannot be applied to given types;
[ERROR]   required: no arguments
[ERROR]   found:    java.lang.String
[ERROR]   reason: actual and formal argument lists differ in length
[ERROR] /C:/Users/Hari/Desktop/url shortener/backend/src/main/java/com/urlshortener/shortify/controller/AdminController.java:[66,34] constructor MessageResponse in class com.urlshortener.shortify.dto.MessageResponse cannot be applied to given types;
[ERROR]   required: no arguments
[ERROR]   found:    java.lang.String
[ERROR]   reason: actual and formal argument lists differ in length
[ERROR] /C:/Users/Hari/Desktop/url shortener/backend/src/main/java/com/urlshortener/shortify/controller/AuthController.java:[44,69] cannot find symbol
[ERROR]   symbol:   method getEmail()
[ERROR]   location: variable loginRequest of type com.urlshortener.shortify.dto.LoginRequest
[ERROR] /C:/Users/Hari/Desktop/url shortener/backend/src/main/java/com/urlshortener/shortify/controller/AuthController.java:[44,94] cannot find symbol
[ERROR]   symbol:   method getPassword()
[ERROR]   location: variable loginRequest of type com.urlshortener.shortify.dto.LoginRequest
[ERROR] /C:/Users/Hari/Desktop/url shortener/backend/src/main/java/com/urlshortener/shortify/controller/AuthController.java:[55,28] cannot find symbol
[ERROR]   symbol:   method getId()
[ERROR]   location: variable userDetails of type com.urlshortener.shortify.security.services.UserDetailsImpl
[ERROR] /C:/Users/Hari/Desktop/url shortener/backend/src/main/java/com/urlshortener/shortify/controller/AuthController.java:[56,28] cannot find symbol
[ERROR]   symbol:   method getName()
[ERROR]   location: variable userDetails of type com.urlshortener.shortify.security.services.UserDetailsImpl
[ERROR] /C:/Users/Hari/Desktop/url shortener/backend/src/main/java/com/urlshortener/shortify/controller/AuthController.java:[57,28] cannot find symbol
[ERROR]   symbol:   method getEmail()
[ERROR]   location: variable userDetails of type com.urlshortener.shortify.security.services.UserDetailsImpl
[ERROR] /C:/Users/Hari/Desktop/url shortener/backend/src/main/java/com/urlshortener/shortify/controller/AuthController.java:[63,55] cannot find symbol
[ERROR]   symbol:   method getEmail()
[ERROR]   location: variable signUpRequest of type com.urlshortener.shortify.dto.SignupRequest
[ERROR] /C:/Users/Hari/Desktop/url shortener/backend/src/main/java/com/urlshortener/shortify/controller/AuthController.java:[66,27] constructor MessageResponse in class com.urlshortener.shortify.dto.MessageResponse cannot be applied to given types;
[ERROR]   required: no arguments
[ERROR]   found:    java.lang.String
[ERROR]   reason: actual and formal argument lists differ in length
[ERROR] /C:/Users/Hari/Desktop/url shortener/backend/src/main/java/com/urlshortener/shortify/controller/AuthController.java:[71,35] cannot find symbol
[ERROR]   symbol:   method getName()
[ERROR]   location: variable signUpRequest of type com.urlshortener.shortify.dto.SignupRequest
[ERROR] /C:/Users/Hari/Desktop/url shortener/backend/src/main/java/com/urlshortener/shortify/controller/AuthController.java:[72,36] cannot find symbol
[ERROR]   symbol:   method getEmail()
[ERROR]   location: variable signUpRequest of type com.urlshortener.shortify.dto.SignupRequest
[ERROR] /C:/Users/Hari/Desktop/url shortener/backend/src/main/java/com/urlshortener/shortify/controller/AuthController.java:[73,54] cannot find symbol
[ERROR]   symbol:   method getPassword()
[ERROR]   location: variable signUpRequest of type com.urlshortener.shortify.dto.SignupRequest
[ERROR] /C:/Users/Hari/Desktop/url shortener/backend/src/main/java/com/urlshortener/shortify/controller/AuthController.java:[76,39] cannot find symbol
[ERROR]   symbol:   method getRole()
[ERROR]   location: variable signUpRequest of type com.urlshortener.shortify.dto.SignupRequest
[ERROR] /C:/Users/Hari/Desktop/url shortener/backend/src/main/java/com/urlshortener/shortify/controller/AuthController.java:[78,17] cannot find symbol
[ERROR]   symbol:   method setRole(java.lang.String)
[ERROR]   location: variable user of type com.urlshortener.shortify.entity.User
[ERROR] /C:/Users/Hari/Desktop/url shortener/backend/src/main/java/com/urlshortener/shortify/controller/AuthController.java:[80,17] cannot find symbol
[ERROR]   symbol:   method setRole(strRole.to[...]ase())
[ERROR]   location: variable user of type com.urlshortener.shortify.entity.User
[ERROR] /C:/Users/Hari/Desktop/url shortener/backend/src/main/java/com/urlshortener/shortify/controller/AuthController.java:[86,34] constructor MessageResponse in class com.urlshortener.shortify.dto.MessageResponse cannot be applied to given types;
[ERROR]   required: no arguments
[ERROR]   found:    java.lang.String
[ERROR]   reason: actual and formal argument lists differ in length
[ERROR] -> [Help 1]
[ERROR] 
[ERROR] To see the full stack trace of the errors, re-run Maven with the -e switch.
[ERROR] Re-run Maven using the -X switch to enable full debug logging.
[ERROR] 
[ERROR] For more information about the errors and possible solutions, please read the following articles:
[ERROR] [Help 1] http://cwiki.apache.org/confluence/display/MAVEN/MojoFailureException
