mvn : WARNING: A terminally deprecated method 
in sun.misc.Unsafe has been called
At line:1 char:1
+ mvn clean compile > compile_output.txt 2>&1
+ ~~~~~~~~~~~~~~~~~~~~~~~~~~~~~~~~~~~~~~~~~~~
    + CategoryInfo          : NotSpecified: (W 
   ARNING: A term...has been called:String) [  
  ], RemoteException
    + FullyQualifiedErrorId : NativeCommandErr 
   or
 
WARNING: sun.misc.Unsafe::staticFieldBase has 
been called by com.google.inject.internal.aop.H
iddenClassDefiner (file:/C:/Program%20Files/apa
che-maven-3.9.11/lib/guice-5.1.0-classes.jar)
WARNING: Please consider reporting this to the 
maintainers of class com.google.inject.internal
.aop.HiddenClassDefiner
WARNING: sun.misc.Unsafe::staticFieldBase will 
be removed in a future release
[INFO] Scanning for projects...
[INFO] 
[INFO] ---------------------< com.urlshortener:shortify >----------------------
[INFO] Building shortify 0.0.1-SNAPSHOT
[INFO]   from pom.xml
[INFO] --------------------------------[ jar ]---------------------------------
[INFO] 
[INFO] --- clean:3.3.2:clean (default-clean) @ shortify ---
[INFO] Deleting C:\Users\Hari\Desktop\url shortener\backend\target
[INFO] 
[INFO] --- resources:3.3.1:resources (default-resources) @ shortify ---
[INFO] Copying 1 resource from src\main\resources to target\classes
[INFO] Copying 0 resource from src\main\resources to target\classes
[INFO] 
[INFO] --- compiler:3.11.0:compile (default-compile) @ shortify ---
[INFO] ------------------------------------------------------------------------
[INFO] BUILD FAILURE
[INFO] ------------------------------------------------------------------------
[INFO] Total time:  1.392 s
[INFO] Finished at: 2026-03-27T21:29:26+05:30
[INFO] ------------------------------------------------------------------------
[ERROR] Failed to execute goal org.apache.maven.plugins:maven-compiler-plugin:3.11.0:compile (default-compile) on project shortify: Resolution of annotationProcessorPath dependencies failed: version can neither be null, empty nor blank -> [Help 1]
[ERROR] 
[ERROR] To see the full stack trace of the errors, re-run Maven with the -e switch.
[ERROR] Re-run Maven using the -X switch to enable full debug logging.
[ERROR] 
[ERROR] For more information about the errors and possible solutions, please read the following articles:
[ERROR] [Help 1] http://cwiki.apache.org/confluence/display/MAVEN/MojoExecutionException
